Turbo Assembler	 Version 2.51	     12/08/21 13:17:59	    Page 1
4d.asm



      1	    0000			 STSEG SEGMENT PARA STACK "STACK"
      2	    0000  40*(53 54 41 43 4B)	 DB 64 DUP("STACK")
      3	    0140			 STSEG ENDS
      4
      5	    0000			 DSEG SEGMENT PARA PUBLIC "DATA"
      6	    0000  48 49	2C 20 49 4E 50+	 STARTMESSAGE DB 'HI, INPUT SQUARE ARRAY SIZE FROM 1 T0	10 $'
      7		  55 54	20 53 51 55 41+
      8		  52 45	20 41 52 52 41+
      9		  59 20	53 49 5A 45 20+
     10		  46 52	4F 4D 20 31 20+
     11		  54 30	20 31 30 20 24
     12	    002A  4F 4F	4F 50 53 2C 20+	 ERRORMESSAGE DB 'OOOPS, WRONG DATA, ONLY FROM -32768 to 32767$'
     13		  57 52	4F 4E 47 20 44+
     14		  41 54	41 2C 20 4F 4E+
     15		  4C 59	20 46 52 4F 4D+
     16		  20 2D	33 32 37 36 38+
     17		  20 74	6F 20 33 32 37+
     18		  36 37	24
     19	    0057  59 4F	55 52 20 53 54+	 MASMESSAGE DB 'YOUR START ARRAY: $'
     20		  41 52	54 20 41 52 52+
     21		  41 59	3A 20 24
     22	    006A  49 4E	50 55 54 20 59+	 INPUTMASMESSAGE DB 'INPUT YOUR	ELEMENTS WITH PRESSING ENTER, BY DEFAULT 0: $'
     23		  4F 55	52 20 45 4C 45+
     24		  4D 45	4E 54 53 20 57+
     25		  49 54	48 20 50 52 45+
     26		  53 53	49 4E 47 20 45+
     27		  4E 54	45 52 2C 20 42+
     28		  59 20	44 45 46 41 55+
     29		  4C 54	20 30 3A 20 24
     30	    00A2  49 4E	43 4F 52 52 45+	 SIZEERRORMESSAGE DB 'INCORRECT	SIZE OF	ARRAY $'
     31		  43 54	20 53 49 5A 45+
     32		  20 4F	46 20 41 52 52+
     33		  41 59	20 24
     34	    00BB  49 4E	50 55 54 20 54+	 NEWROWMESSAGE DB 'INPUT THE ELEMENTS OF NEW ROW: $'
     35		  48 45	20 45 4C 45 4D+
     36		  45 4E	54 53 20 4F 46+
     37		  20 4E	45 57 20 52 4F+
     38		  57 3A	20 24
     39	    00DB  49 4E	50 55 54 20 54+	 FINDNUMBERMESSAGE DB'INPUT THE	NUMBER TO FIND:	$'
     40		  48 45	20 4E 55 4D 42+
     41		  45 52	20 54 4F 20 46+
     42		  49 4E	44 3A 20 24
     43	    00F6  49 4E	43 4F 52 52 45+	 ERRORFINDNUMBERINPUT DB 'INCORRECT NUMBER TO FIND $'
     44		  43 54	20 4E 55 4D 42+
     45		  45 52	20 54 4F 20 46+
     46		  49 4E	44 20 24
     47	    0110  45 4C	45 4D 45 4E 54+	 ERRORELEMENTNOTFOUND DB 'ELEMENT WAS NOT FOUND	$'
     48		  20 57	41 53 20 4E 4F+
     49		  54 20	46 4F 55 4E 44+
     50		  20 24
     51	    0127  49 2C	20 4A 3A 20 24	 IJMESSAGE DB 'I, J: $'
     52
     53	    012E  07 ??	07*(0A)		 NUMBERSTR DB 7,?,7 DUP(0AH)
     54
     55	    0137  64*(0000)		 MAS DW	100 DUP(0)
     56
     57	    01FF  0000			 NUMBER	DW 0
Turbo Assembler	 Version 2.51	     12/08/21 13:17:59	    Page 2
4d.asm



     58	    0201  0000			 TEMPCX	DW 0
     59	    0203  0000			 EXTERNALCX DW 0
     60	    0205  0000			 TEMPSI	DW 0
     61	    0207  0000			 COLUMNS DW 0
     62	    0209  0000			 NUMBERELEMENTS	DW 0
     63	    020B  0000			 NUMBERTOFIND DW 0
     64	    020D  0000			 ELEMENTFOUND DW 0
     65	    020F  0000			 I DW 0
     66	    0211  0000			 J DW 0
     67
     68
     69	    0213  0000			 INPUTOVERFLOW DW 0
     70
     71	    0215  0000			 NUMBERTOPRINT DW 0
     72
     73	    0217  0001			 CONVERTATIONCORRECT DW	1
     74
     75
     76		  = -8000		 MINNUM	EQU -32768
     77		  = 0000		 TOCOMP	EQU 0
     78
     79	    0219			 DSEG ENDS
     80
     81	    0000			 CSEG SEGMENT PARA PUBLIC "CODE"
     82					 .386
     83
     84					 ASSUME	CS:CSEG, DS:DSEG, SS:STSEG
     85
     86	    0000			 MAIN PROC FAR
     87
     88	    0000  1E			 PUSH DS
     89	    0001  33 C0			 XOR AX,AX
     90	    0003  50			 PUSH AX
     91					 ;INITIALIZATION OF DS
     92	    0004  B8 0000s		 MOV AX,DSEG
     93	    0007  8E D8			 MOV DS,AX
     94
     95	    0009  BA 0000r		 LEA DX, STARTMESSAGE
     96	    000C  B4 09			 MOV AH,9H
     97	    000E  CD 21			 INT 21H
     98
     99					 ;INPUT	SIZE
    100	    0010  B4 0A			 MOV AH, 0AH
    101	    0012  BA 012Er		 LEA DX, NUMBERSTR
    102	    0015  CD 21			 INT 21H
    103	    0017  E8 019A		 CALL PRINTNEWLINE
    104
    105	    001A  E8 01AB		 CALL CONVERTATION
    106	    001D  83 3E	0217r 01	 CMP CONVERTATIONCORRECT, 1
    107	    0022  0F 85	0087		 JNE INCORRECTSIZE
    108	    0026  83 3E	01FFr 00	 CMP NUMBER, 0
    109	    002B  0F 8E	007E		 JLE INCORRECTSIZE
    110	    002F  A1 01FFr		 MOV AX, NUMBER
    111	    0032  8B 1E	01FFr		 MOV BX, NUMBER
    112	    0036  F7 E3			 MUL BX
    113	    0038  70 73	90 90		 JO INCORRECTSIZE
    114	    003C  BB 0064		 MOV BX, 100
Turbo Assembler	 Version 2.51	     12/08/21 13:17:59	    Page 3
4d.asm



    115	    003F  66| 3B D8		 CMP EBX, EAX
    116	    0042  7C 69	90 90		 JL INCORRECTSIZE
    117	    0046  A3 0209r		 MOV NUMBERELEMENTS, AX
    118	    0049  A1 01FFr		 MOV AX, NUMBER
    119	    004C  A3 0207r		 MOV COLUMNS, AX
    120	    004F  E8 00C6		 CALL INPUTMAS
    121	    0052  83 3E	0213r 01	 CMP INPUTOVERFLOW, 1
    122	    0057  74 5F	90 90		 JE INCORRECT
    123	    005B  BA 0057r		 LEA DX, MASMESSAGE
    124	    005E  B4 09			 MOV AH,9H
    125	    0060  CD 21			 INT 21H
    126	    0062  E8 014F		 CALL PRINTNEWLINE
    127	    0065  BE 0000		 MOV SI, 0
    128	    0068  E8 0117		 CALL PRINTMAS
    129	    006B  BA 00DBr		 LEA DX, FINDNUMBERMESSAGE
    130	    006E  B4 09			 MOV AH,9H
    131	    0070  CD 21			 INT 21H
    132	    0072  B4 0A			 MOV AH, 0AH
    133	    0074  BA 012Er		 LEA DX, NUMBERSTR
    134	    0077  CD 21			 INT 21H
    135	    0079  E8 0138		 CALL PRINTNEWLINE
    136	    007C  E8 0149		 CALL CONVERTATION
    137	    007F  83 3E	0217r 01	 CMP CONVERTATIONCORRECT, 1
    138	    0084  75 1C	90 90		 JNE INCORRECTFINDNUMBER
    139	    0088  A1 01FFr		 MOV AX, NUMBER
    140	    008B  A3 020Br		 MOV NUMBERTOFIND, AX
    141	    008E  E8 0028		 CALL FINDNUMBER
    142	    0091  83 3E	020Dr 01	 CMP ELEMENTFOUND, 1
    143	    0096  74 09	90 90		 JE FOUND
    144	    009A  BA 0110r		 LEA DX, ERRORELEMENTNOTFOUND
    145	    009D  B4 09			 MOV AH,9H
    146	    009F  CD 21			 INT 21H
    147	    00A1			 FOUND:
    148	    00A1  CB			 RET
    149	    00A2			 INCORRECTFINDNUMBER:
    150	    00A2  E8 010F		 CALL PRINTNEWLINE
    151	    00A5  BA 00F6r		 LEA DX, ERRORFINDNUMBERINPUT
    152	    00A8  B4 09			 MOV AH,9H
    153	    00AA  CD 21			 INT 21H
    154	    00AC  CB			 RET
    155	    00AD			 INCORRECTSIZE:
    156	    00AD  E8 0104		 CALL PRINTNEWLINE
    157	    00B0  BA 00A2r		 LEA DX, SIZEERRORMESSAGE
    158	    00B3  B4 09			 MOV AH,9H
    159	    00B5  CD 21			 INT 21H
    160	    00B7  CB			 RET
    161	    00B8			 INCORRECT:
    162	    00B8  CB			 RET
    163	    00B9			 MAIN ENDP
    164
    165
    166	    00B9			 FINDNUMBER PROC NEAR
    167	    00B9  8B 0E	0207r		 MOV CX, COLUMNS
    168	    00BD  BE 0000		 MOV SI, 0
    169	    00C0			 EXTERNALFIND:
    170	    00C0  89 0E	0203r		 MOV EXTERNALCX, CX
    171	    00C4  8B 0E	0207r		 MOV CX, COLUMNS
Turbo Assembler	 Version 2.51	     12/08/21 13:17:59	    Page 4
4d.asm



    172	    00C8			 FIND:
    173	    00C8  89 0E	0201r		 MOV TEMPCX, CX
    174	    00CC  8B 94	0137r		 MOV DX, MAS[SI]
    175	    00D0  3B 16	020Br		 CMP DX, NUMBERTOFIND
    176	    00D4  75 32	90 90		 JNE NOTEQUAL
    177	    00D8  C7 06	020Dr 0001	 MOV ELEMENTFOUND, 1
    178	    00DE  BA 0127r		 LEA DX, IJMESSAGE
    179	    00E1  B4 09			 MOV AH,9H
    180	    00E3  CD 21			 INT 21H
    181	    00E5  A1 0207r		 MOV AX, COLUMNS
    182	    00E8  2B 06	0203r		 SUB AX, EXTERNALCX
    183	    00EC  40			 INC AX
    184	    00ED  A3 0215r		 MOV NUMBERTOPRINT, AX
    185	    00F0  E8 0133		 CALL PRINTNUMBER
    186	    00F3  B0 20			 MOV AL, ' '
    187	    00F5  CD 29			 INT 29H
    188	    00F7  A1 0207r		 MOV AX, COLUMNS
    189	    00FA  2B 06	0201r		 SUB AX, TEMPCX
    190	    00FE  40			 INC AX
    191	    00FF  A3 0215r		 MOV NUMBERTOPRINT, AX
    192	    0102  E8 0121		 CALL PRINTNUMBER
    193	    0105  E8 00AC		 CALL PRINTNEWLINE
    194	    0108			 NOTEQUAL:
    195	    0108  83 C6	02		 ADD SI, 2
    196	    010B  8B 0E	0201r		 MOV CX, TEMPCX
    197	    010F  E2 B7			 LOOP FIND
    198	    0111  8B 0E	0203r		 MOV CX, EXTERNALCX
    199	    0115  E2 A9			 LOOP EXTERNALFIND
    200	    0117  C3			 RET
    201	    0118			 FINDNUMBER ENDP
    202
    203
    204
    205	    0118			 INPUTMAS PROC NEAR
    206	    0118  BA 006Ar		 LEA DX, INPUTMASMESSAGE
    207	    011B  B4 09			 MOV AH, 9H
    208	    011D  CD 21			 INT 21H
    209	    011F  E8 0092		 CALL PRINTNEWLINE
    210	    0122  8B 0E	0207r		 MOV CX, COLUMNS
    211	    0126  BE 0000		 MOV SI, 0
    212	    0129			 EXTERNALINPUT:
    213	    0129  89 0E	0203r		 MOV EXTERNALCX, CX
    214	    012D  8B 0E	0207r		 MOV CX, COLUMNS
    215	    0131			 INPUTEL:
    216	    0131  89 0E	0201r		 MOV TEMPCX, CX
    217	    0135  B4 0A			 MOV AH, 0AH
    218	    0137  BA 012Er		 LEA DX, NUMBERSTR
    219	    013A  CD 21			 INT 21H
    220	    013C  89 36	0205r		 MOV TEMPSI, SI
    221	    0140  E8 0071		 CALL PRINTNEWLINE
    222	    0143  E8 0082		 CALL CONVERTATION
    223	    0146  8B 36	0205r		 MOV SI, TEMPSI
    224	    014A  83 3E	0217r 01	 CMP CONVERTATIONCORRECT, 1
    225	    014F  75 2A	90 90		 JNE INCORRECTINPUT
    226	    0153  A1 01FFr		 MOV AX, NUMBER
    227	    0156  89 84	0137r		 MOV MAS[SI], AX
    228	    015A  8B 0E	0201r		 MOV CX, TEMPCX
Turbo Assembler	 Version 2.51	     12/08/21 13:17:59	    Page 5
4d.asm



    229	    015E  83 C6	02		 ADD SI, 2
    230	    0161  E2 CE			 LOOP INPUTEL
    231	    0163  8B 0E	0203r		 MOV CX, EXTERNALCX
    232	    0167  83 F9	01		 CMP CX, 1
    233	    016A  74 0C	90 90		 JE LAST
    234	    016E  BA 00BBr		 LEA DX, NEWROWMESSAGE
    235	    0171  B4 09			 MOV AH,9H
    236	    0173  CD 21			 INT 21H
    237	    0175  E8 003C		 CALL PRINTNEWLINE
    238	    0178			 LAST:
    239	    0178  E2 AF			 LOOP EXTERNALINPUT
    240	    017A  C3			 RET
    241	    017B			 INCORRECTINPUT:
    242	    017B  C7 06	0213r 0001	 MOV INPUTOVERFLOW, 1
    243	    0181  C3			 RET
    244	    0182			 INPUTMAS ENDP
    245
    246
    247
    248
    249	    0182			 PRINTMAS PROC NEAR
    250	    0182  8B 0E	0207r		 MOV CX, COLUMNS
    251
    252	    0186			 EXTERNALPRINT:
    253	    0186  89 0E	0203r		 MOV EXTERNALCX, CX
    254	    018A  8B 0E	0207r		 MOV CX, COLUMNS
    255	    018E			 PRINTEL:
    256	    018E  89 0E	0201r		 MOV TEMPCX, CX
    257	    0192  8B 94	0137r		 MOV DX, MAS[SI]
    258	    0196  89 16	0215r		 MOV NUMBERTOPRINT, DX
    259	    019A  E8 0089		 CALL PRINTNUMBER
    260	    019D  B0 20			 MOV AL, ' '
    261	    019F  CD 29			 INT 29H
    262	    01A1  83 C6	02		 ADD SI, 2
    263	    01A4  8B 0E	0201r		 MOV CX, TEMPCX
    264	    01A8  E2 E4			 LOOP PRINTEL
    265	    01AA  E8 0007		 CALL PRINTNEWLINE
    266	    01AD  8B 0E	0203r		 MOV CX, EXTERNALCX
    267	    01B1  E2 D3			 LOOP EXTERNALPRINT
    268	    01B3  C3			 RET
    269	    01B4			 PRINTMAS ENDP
    270
    271
    272	    01B4			 PRINTNEWLINE PROC NEAR
    273	    01B4  B0 0A			 MOV AL, 0AH
    274	    01B6  CD 29			 INT 29H
    275	    01B8  B0 0D			 MOV AL, 13
    276	    01BA  CD 29			 INT 29H
    277	    01BC  C3			 RET
    278	    01BD			 PRINTNEWLINE ENDP
    279
    280	    01BD			 PRINTERROR PROC NEAR
    281	    01BD  BA 002Ar		 LEA DX, ERRORMESSAGE
    282	    01C0  B4 09			 MOV AH, 9H
    283	    01C2  CD 21			 INT 21H
    284	    01C4  E8 FFED		 CALL PRINTNEWLINE
    285	    01C7  C3			 RET
Turbo Assembler	 Version 2.51	     12/08/21 13:17:59	    Page 6
4d.asm



    286	    01C8			 PRINTERROR ENDP
    287
    288	    01C8			 CONVERTATION PROC NEAR
    289					 ;CONVERT TO NUMBER
    290	    01C8  BE 0130r		 LEA SI, NUMBERSTR +2
    291	    01CB  80 3C	2D		 CMP BYTE PTR [SI], "-"
    292	    01CE  75 03	90 90		 JNE A1
    293	    01D2  46			 INC SI
    294
    295	    01D3			 A1:
    296	    01D3  33 C0			 XOR AX,AX
    297	    01D5  BB 000A		 MOV BX,10
    298
    299	    01D8			 A2:
    300	    01D8  8A 0C			 MOV CL, [SI]
    301	    01DA  80 F9	0D		 CMP CL, 0DH
    302	    01DD  74 38	90 90		 JZ NEGATIVE
    303
    304	    01E1  80 F9	30		 CMP CL,'0'
    305	    01E4  72 1B	90 90		 JB ERROR
    306	    01E8  80 F9	39		 CMP CL, '9'
    307	    01EB  77 14	90 90		 JA ERROR
    308
    309	    01EF  80 E9	30		 SUB CL, '0'
    310	    01F2  F7 EB			 IMUL BX
    311	    01F4  70 0B	90 90		 JO ERROR
    312	    01F8  03 C1			 ADD AX, CX
    313	    01FA  70 0F	90 90		 JO MIN
    314	    01FE  46			 INC SI
    315	    01FF  EB D7			 JMP A2
    316	    0201			 ERROR:
    317	    0201  E8 FFB9		 CALL PRINTERROR
    318	    0204  C7 06	0217r 0000	 MOV CONVERTATIONCORRECT, 0
    319	    020A  C3			 RET
    320	    020B			 MIN:
    321	    020B  3D 8000		 CMP AX, MINNUM
    322	    020E  75 F1			 JNE ERROR
    323	    0210  80 3E	0130r 2D	 CMP BYTE PTR [NUMBERSTR + 2], "-"
    324	    0215  75 EA			 JNE ERROR
    325	    0217			 NEGATIVE:
    326	    0217  80 3E	0130r 2D	 CMP BYTE PTR [NUMBERSTR + 2], "-"
    327	    021C  75 04	90 90		 JNE A3
    328	    0220  F7 D8			 NEG AX
    329	    0222			 A3:
    330	    0222  A3 01FFr		 MOV NUMBER,AX
    331	    0225  C3			 RET
    332	    0226			 CONVERTATION ENDP
    333
    334
    335
    336
    337	    0226			 PRINTNUMBER PROC NEAR
    338	    0226  8B 1E	0215r		 MOV BX, NUMBERTOPRINT
    339	    022A  0B DB			 OR BX,BX
    340	    022C  79 08	90 90		 JNS M1
    341	    0230  B0 2D			 MOV AL, '-'
    342	    0232  CD 29			 INT 29H
Turbo Assembler	 Version 2.51	     12/08/21 13:17:59	    Page 7
4d.asm



    343	    0234  F7 DB			 NEG BX
    344
    345	    0236			 M1:
    346	    0236  8B C3			 MOV AX,BX
    347	    0238  33 C9			 XOR CX, CX
    348	    023A  BB 000A		 MOV BX, 10
    349
    350	    023D			 M2:
    351	    023D  33 D2			 XOR DX,DX
    352	    023F  F7 F3			 DIV BX
    353	    0241  80 C2	30		 ADD DL, '0'
    354	    0244  52			 PUSH DX
    355	    0245  41			 INC CX
    356	    0246  85 C0			 TEST AX,AX
    357	    0248  75 F3			 JNZ M2
    358
    359	    024A			 M3:
    360	    024A  58			 POP AX
    361	    024B  CD 29			 INT 29H
    362	    024D  E2 FB			 LOOP M3
    363	    024F  C3			 RET
    364	    0250			 PRINTNUMBER ENDP
    365
    366
    367	    0250			 CSEG ENDS
    368					 END MAIN
Turbo Assembler	 Version 2.51	     12/08/21 13:17:59	    Page 8
Symbol Table




Symbol Name			  Type	 Value

??DATE				  Text	 "12/08/21"
??FILENAME			  Text	 "4d	  "
??TIME				  Text	 "13:17:59"
??VERSION			  Number 0205
@CPU				  Text	 0D0FH
@CURSEG				  Text	 CSEG
@FILENAME			  Text	 4D
@WORDSIZE			  Text	 4
A1				  Near	 CSEG:01D3
A2				  Near	 CSEG:01D8
A3				  Near	 CSEG:0222
COLUMNS				  Word	 DSEG:0207
CONVERTATION			  Near	 CSEG:01C8
CONVERTATIONCORRECT		  Word	 DSEG:0217
ELEMENTFOUND			  Word	 DSEG:020D
ERROR				  Near	 CSEG:0201
ERRORELEMENTNOTFOUND		  Byte	 DSEG:0110
ERRORFINDNUMBERINPUT		  Byte	 DSEG:00F6
ERRORMESSAGE			  Byte	 DSEG:002A
EXTERNALCX			  Word	 DSEG:0203
EXTERNALFIND			  Near	 CSEG:00C0
EXTERNALINPUT			  Near	 CSEG:0129
EXTERNALPRINT			  Near	 CSEG:0186
FIND				  Near	 CSEG:00C8
FINDNUMBER			  Near	 CSEG:00B9
FINDNUMBERMESSAGE		  Byte	 DSEG:00DB
FOUND				  Near	 CSEG:00A1
I				  Word	 DSEG:020F
IJMESSAGE			  Byte	 DSEG:0127
INCORRECT			  Near	 CSEG:00B8
INCORRECTFINDNUMBER		  Near	 CSEG:00A2
INCORRECTINPUT			  Near	 CSEG:017B
INCORRECTSIZE			  Near	 CSEG:00AD
INPUTEL				  Near	 CSEG:0131
INPUTMAS			  Near	 CSEG:0118
INPUTMASMESSAGE			  Byte	 DSEG:006A
INPUTOVERFLOW			  Word	 DSEG:0213
J				  Word	 DSEG:0211
LAST				  Near	 CSEG:0178
M1				  Near	 CSEG:0236
M2				  Near	 CSEG:023D
M3				  Near	 CSEG:024A
MAIN				  Far	 CSEG:0000
MAS				  Word	 DSEG:0137
MASMESSAGE			  Byte	 DSEG:0057
MIN				  Near	 CSEG:020B
MINNUM				  Number -8000
NEGATIVE			  Near	 CSEG:0217
NEWROWMESSAGE			  Byte	 DSEG:00BB
NOTEQUAL			  Near	 CSEG:0108
NUMBER				  Word	 DSEG:01FF
NUMBERELEMENTS			  Word	 DSEG:0209
NUMBERSTR			  Byte	 DSEG:012E
NUMBERTOFIND			  Word	 DSEG:020B
Turbo Assembler	 Version 2.51	     12/08/21 13:17:59	    Page 9
Symbol Table



NUMBERTOPRINT			  Word	 DSEG:0215
PRINTEL				  Near	 CSEG:018E
PRINTERROR			  Near	 CSEG:01BD
PRINTMAS			  Near	 CSEG:0182
PRINTNEWLINE			  Near	 CSEG:01B4
PRINTNUMBER			  Near	 CSEG:0226
SIZEERRORMESSAGE		  Byte	 DSEG:00A2
STARTMESSAGE			  Byte	 DSEG:0000
TEMPCX				  Word	 DSEG:0201
TEMPSI				  Word	 DSEG:0205
TOCOMP				  Number 0000

Groups & Segments		  Bit Size Align  Combine Class

CSEG				  16  0250 Para	  Public  CODE
DSEG				  16  0219 Para	  Public  DATA
STSEG				  16  0140 Para	  Stack	  STACK
